// Jest Snapshot v1, https://goo.gl/fbAQLP

exports[`Settings User Interface renders 1`] = `
<div
  class="void-settings"
  id="void-verified-settings"
>
  <div>
    <div
      class="void-settings-header"
    >
      <h1>
        VoidVerified Settings
      </h1>
      <p>
        Version: 
        <span>
          TEST
        </span>
      </p>
      <p>
        Author: 
        <a
          class="void-link"
          href="https://anilist.co/user/voidnyan/"
          target="_blank"
        >
          voidnyan
        </a>
      </p>
      <button
        class="void-button"
      >
        View Changelog
      </button>
    </div>
    <nav
      class="void-nav"
    >
      <ol>
        <li
          class="void-active"
        >
          all
        </li>
        <li>
          users
        </li>
        <li>
          paste
        </li>
        <li>
          css
        </li>
        <li>
          misc
        </li>
      </ol>
    </nav>
    <div
      class="void-settings-list"
    >
      <div
        class="void-setting-label-container"
      >
        <input
          class="void-checkbox"
          id="0.12352"
          type="checkbox"
        />
        <label
          class="void-setting-label"
          for="0.12352"
        >
          Copy user color from their profile.
        </label>
      </div>
      <div
        class="void-setting-label-container"
      >
        <input
          class="void-checkbox"
          id="0.12352"
          type="checkbox"
        />
        <label
          class="void-setting-label"
          for="0.12352"
        >
          Move activity subscribe button next to comments and likes.
        </label>
      </div>
      <div
        class="void-setting-label-container"
      >
        <input
          class="void-checkbox"
          id="0.12352"
          type="checkbox"
        />
        <label
          class="void-setting-label"
          for="0.12352"
        >
          Hide activity and reply like counts.
        </label>
      </div>
      <div
        class="void-setting-label-container"
      >
        <input
          class="void-checkbox"
          id="0.12352"
          type="checkbox"
        />
        <label
          class="void-setting-label"
          for="0.12352"
        >
          Display a verified sign next to usernames.
        </label>
      </div>
      <div
        class="void-setting-label-container"
      >
        <input
          class="void-checkbox"
          id="0.12352"
          type="checkbox"
        />
        <label
          class="void-setting-label"
          for="0.12352"
        >
          Display a verified sign next to a profile name.
        </label>
      </div>
      <div
        class="void-setting-label-container"
      >
        <input
          class="void-input"
          id="0.12352"
        />
        <label
          class="void-setting-label"
          for="0.12352"
        >
          The default sign displayed next to a username.
        </label>
      </div>
      <div
        class="void-setting-label-container"
      >
        <input
          class="void-checkbox"
          id="0.12352"
          type="checkbox"
        />
        <label
          class="void-setting-label"
          for="0.12352"
        >
          Highlight user activity with a border.
        </label>
      </div>
      <div
        class="void-setting-label-container"
      >
        <input
          class="void-checkbox"
          id="0.12352"
          type="checkbox"
        />
        <label
          class="void-setting-label"
          for="0.12352"
        >
          Highlight replies with a border.
        </label>
      </div>
      <div
        class="void-setting-label-container"
      >
        <input
          class="void-input"
          id="0.12352"
        />
        <label
          class="void-setting-label"
          for="0.12352"
        >
          Width of the highlight border.
        </label>
      </div>
      <div
        class="void-setting-label-container"
      >
        <input
          class="void-checkbox"
          id="0.12352"
          type="checkbox"
        />
        <label
          class="void-setting-label"
          for="0.12352"
        >
          Color user activity links with user color.
        </label>
      </div>
      <div
        class="void-setting-label-container"
      >
        <input
          class="void-checkbox"
          id="0.12352"
          type="checkbox"
        />
        <label
          class="void-setting-label"
          for="0.12352"
        >
          Color user reply links with user color.
        </label>
      </div>
      <div
        class="void-setting-label-container"
      >
        <input
          class="void-checkbox"
          id="0.12352"
          type="checkbox"
        />
        <label
          class="void-setting-label"
          for="0.12352"
        >
          Use fallback highlight color when user color is not specified.
        </label>
      </div>
      <div
        class="void-setting-label-container"
      >
        <input
          class="void-checkbox"
          id="0.12352"
          type="checkbox"
        />
        <label
          class="void-setting-label"
          for="0.12352"
        >
          Enable custom global CSS.
        </label>
      </div>
      <div
        class="void-setting-label-container"
      >
        <input
          class="void-checkbox"
          id="0.12352"
          type="checkbox"
        />
        <label
          class="void-setting-label"
          for="0.12352"
        >
          Disable global CSS when a profile has custom CSS.
        </label>
      </div>
      <div
        class="void-setting-label-container"
      >
        <input
          class="void-checkbox"
          id="0.12352"
          type="checkbox"
        />
        <label
          class="void-setting-label"
          for="0.12352"
        >
          Load user's custom CSS when viewing their profile.
        </label>
      </div>
      <div
        class="void-setting-label-container"
      >
        <input
          class="void-checkbox"
          id="0.12352"
          type="checkbox"
        />
        <label
          class="void-setting-label"
          for="0.12352"
        >
          Load user's custom CSS when viewing their activity (direct link).
        </label>
      </div>
      <div
        class="void-setting-label-container"
      >
        <input
          class="void-checkbox"
          id="0.12352"
          type="checkbox"
        />
        <label
          class="void-setting-label"
          for="0.12352"
        >
          Only load custom CSS from verified users.
        </label>
      </div>
      <div
        class="void-setting-label-container"
      >
        <input
          class="void-checkbox"
          id="0.12352"
          type="checkbox"
        />
        <label
          class="void-setting-label"
          for="0.12352"
        >
          Enable Layout Designer in the settings tab.
        </label>
      </div>
      <div
        class="void-setting-label-container"
      >
        <input
          class="void-checkbox"
          id="0.12352"
          type="checkbox"
        />
        <label
          class="void-setting-label"
          for="0.12352"
        >
          Display quick access of users in home page.
        </label>
      </div>
      <div
        class="void-setting-label-container"
      >
        <input
          class="void-checkbox"
          id="0.12352"
          type="checkbox"
        />
        <label
          class="void-setting-label"
          for="0.12352"
        >
          Display quick access of notifications in home page.
        </label>
      </div>
      <div
        class="void-setting-label-container"
      >
        <input
          class="void-checkbox"
          id="0.12352"
          type="checkbox"
        />
        <label
          class="void-setting-label"
          for="0.12352"
        >
          Display a badge on quick access when changes are detected on user's layout.
        </label>
      </div>
      <div
        class="void-setting-label-container"
      >
        <input
          class="void-checkbox"
          id="0.12352"
          type="checkbox"
        />
        <label
          class="void-setting-label"
          for="0.12352"
        >
          Display a timer until next update of Quick Access.
        </label>
      </div>
      <div
        class="void-setting-label-container"
      >
        <input
          class="void-checkbox"
          id="0.12352"
          type="checkbox"
        />
        <label
          class="void-setting-label"
          for="0.12352"
        >
          Automatically wrap pasted links and images with link and image tags.
        </label>
      </div>
      <div
        class="void-setting-label-container"
      >
        <input
          class="void-checkbox"
          id="0.12352"
          type="checkbox"
        />
        <label
          class="void-setting-label"
          for="0.12352"
        >
          Wrap images with a link tag.
        </label>
      </div>
      <div
        class="void-setting-label-container"
      >
        <input
          class="void-input"
          id="0.12352"
        />
        <label
          class="void-setting-label"
          for="0.12352"
        >
          Width used when pasting images.
        </label>
      </div>
      <div
        class="void-setting-label-container"
      >
        <input
          class="void-checkbox"
          id="0.12352"
          type="checkbox"
        />
        <label
          class="void-setting-label"
          for="0.12352"
        >
          Upload image from the clipboard to image host (configure below).
        </label>
      </div>
      <div
        class="void-setting-label-container"
      >
        <input
          class="void-checkbox"
          id="0.12352"
          type="checkbox"
        />
        <label
          class="void-setting-label"
          for="0.12352"
        >
          Enable toast notifications.
        </label>
      </div>
      <div
        class="void-setting-label-container"
      >
        <input
          class="void-checkbox"
          id="0.12352"
          type="checkbox"
        />
        <label
          class="void-setting-label"
          for="0.12352"
        >
          Query AniList API with elevated browser access (this might solve some API issues).
        </label>
      </div>
      <div
        class="void-setting-label-container"
      >
        <input
          class="void-checkbox"
          id="0.12352"
          type="checkbox"
        />
        <label
          class="void-setting-label"
          for="0.12352"
        >
          Open AniList links in the same tab.
        </label>
      </div>
      <div
        class="void-setting-label-container"
      >
        <input
          class="void-checkbox"
          id="0.12352"
          type="checkbox"
        />
        <label
          class="void-setting-label"
          for="0.12352"
        >
          Add a GIF keyboard to activity editor.
        </label>
      </div>
      <div
        class="void-setting-label-container"
      >
        <input
          class="void-checkbox"
          id="0.12352"
          type="checkbox"
        />
        <label
          class="void-setting-label"
          for="0.12352"
        >
          Add like buttons to add media to GIF keyboard.
        </label>
      </div>
      <div
        class="void-setting-label-container"
      >
        <input
          class="void-checkbox"
          id="0.12352"
          type="checkbox"
        />
        <label
          class="void-setting-label"
          for="0.12352"
        >
          Display a changelog when a new version is detected.
        </label>
      </div>
      <div
        class="void-setting-label-container"
      >
        <input
          class="void-checkbox"
          id="0.12352"
          type="checkbox"
        />
        <label
          class="void-setting-label"
          for="0.12352"
        >
          Enable a self-message button on your profile (requires authentication).
        </label>
      </div>
      <div
        class="void-setting-label-container"
      >
        <input
          class="void-checkbox"
          id="0.12352"
          type="checkbox"
        />
        <label
          class="void-setting-label"
          for="0.12352"
        >
          Fix AniList bug where private messages are displayed in List activity feed.
        </label>
      </div>
      <div
        class="void-setting-label-container"
      >
        <input
          class="void-checkbox"
          id="0.12352"
          type="checkbox"
        />
        <label
          class="void-setting-label"
          for="0.12352"
        >
          Enable CSSpy in Layout & CSS tab.
        </label>
      </div>
    </div>
    <nav
      class="void-nav"
    >
      <ol>
        <li
          class="void-active"
        >
          users
        </li>
        <li>
          authorization
        </li>
        <li>
          toasts
        </li>
      </ol>
    </nav>
    <div
      class="void-table"
      id="void-verified-user-table"
      style="margin-top: 25px;"
    >
      <table
        class="void-table"
      >
        <thead>
          <tr>
            <th>
              Username
            </th>
            <th>
              Sign
            </th>
            <th>
              Color
            </th>
            <th>
              Other
            </th>
          </tr>
        </thead>
        <tbody />
      </table>
      <form>
        <label
          for="void-verified-add-user"
        >
          Add user
        </label>
        <input
          class="void-input"
          id="void-verified-add-user"
        />
      </form>
    </div>
    <h5>
      Fallback color
    </h5>
    <div
      class="void-color-picker-container"
    >
      <input
        class="void-color-picker"
        type="color"
      />
      <input
        class="void-color-picker-input"
        type="text"
      />
    </div>
  </div>
</div>
`;
